/data/DCEG_Trios/ChernobylTrios/bams/set4/SC109338.bam
/data/DCEG_Trios/ChernobylTrios/bams/set4/SC109339.bam
/data/DCEG_Trios/ChernobylTrios/bams/set4/SC109349.bam
/data/DCEG_Trios/ChernobylTrios/bams/set4/SC109351.bam
/data/DCEG_Trios/ChernobylTrios/bams/set4/SC109357.bam
/data/DCEG_Trios/ChernobylTrios/bams/set4/SC109371.bam
/data/DCEG_Trios/ChernobylTrios/bams/set4/SC109382.bam
/data/DCEG_Trios/ChernobylTrios/bams/set4/SC109384.bam
/data/DCEG_Trios/ChernobylTrios/bams/set4/SC109385.bam
/data/DCEG_Trios/ChernobylTrios/bams/set4/SC109387.bam
/data/DCEG_Trios/ChernobylTrios/bams/set4/SC109389.bam
/data/DCEG_Trios/ChernobylTrios/bams/set4/SC109391.bam
/data/DCEG_Trios/ChernobylTrios/bams/set4/SC109393.bam
/data/DCEG_Trios/ChernobylTrios/bams/set4/SC109399.bam
/data/DCEG_Trios/ChernobylTrios/bams/set4/SC109404.bam
/data/DCEG_Trios/ChernobylTrios/bams/set4/SC109407.bam
/data/DCEG_Trios/ChernobylTrios/bams/set4/SC109415.bam
/data/DCEG_Trios/ChernobylTrios/bams/set4/SC109424.bam
/data/DCEG_Trios/ChernobylTrios/bams/set4/SC109432.bam
/data/DCEG_Trios/ChernobylTrios/bams/set4/SC109441.bam
/data/DCEG_Trios/ChernobylTrios/bams/set4/SC109442.bam
/data/DCEG_Trios/ChernobylTrios/bams/set4/SC109447.bam
/data/DCEG_Trios/ChernobylTrios/bams/set4/SC109449.bam
/data/DCEG_Trios/ChernobylTrios/bams/set4/SC109451.bam
/data/DCEG_Trios/ChernobylTrios/bams/set4/SC109452.bam
/data/DCEG_Trios/ChernobylTrios/bams/set4/SC109454.bam
/data/DCEG_Trios/ChernobylTrios/bams/set4/SC109455.bam
/data/DCEG_Trios/ChernobylTrios/bams/set4/SC109456.bam
/data/DCEG_Trios/ChernobylTrios/bams/set4/SC109460.bam
/data/DCEG_Trios/ChernobylTrios/bams/set4/SC109464.bam
/data/DCEG_Trios/ChernobylTrios/bams/set4/SC109467.bam
/data/DCEG_Trios/ChernobylTrios/bams/set4/SC109505.bam
/data/DCEG_Trios/ChernobylTrios/bams/set4/SC109509.bam
/data/DCEG_Trios/ChernobylTrios/bams/set4/SC109511.bam
/data/DCEG_Trios/ChernobylTrios/bams/set4/SC253859.bam
/data/DCEG_Trios/ChernobylTrios/bams/set4/SC253860.bam
/data/DCEG_Trios/ChernobylTrios/bams/set4/SC253866.bam
/data/DCEG_Trios/ChernobylTrios/bams/set4/SC253895.bam
/data/DCEG_Trios/ChernobylTrios/bams/set4/SC253899.bam
/data/DCEG_Trios/ChernobylTrios/bams/set4/SC253900.bam
/data/DCEG_Trios/ChernobylTrios/bams/set4/SC260632.bam
/data/DCEG_Trios/ChernobylTrios/bams/set4/SC260645.bam
/data/DCEG_Trios/ChernobylTrios/bams/set4/SC260649.bam
/data/DCEG_Trios/ChernobylTrios/bams/set4/SC260653.bam
/data/DCEG_Trios/ChernobylTrios/bams/set4/SC260654.bam
/data/DCEG_Trios/ChernobylTrios/bams/set4/SC260657.bam
/data/DCEG_Trios/ChernobylTrios/bams/set4/SC260669.bam
/data/DCEG_Trios/ChernobylTrios/bams/set4/SC260671.bam
/data/DCEG_Trios/ChernobylTrios/bams/set4/SC260687.bam
/data/DCEG_Trios/ChernobylTrios/bams/set4/SC260692.bam
/data/DCEG_Trios/ChernobylTrios/bams/set4/SC260696.bam
/data/DCEG_Trios/ChernobylTrios/bams/set4/SC260702.bam
/data/DCEG_Trios/ChernobylTrios/bams/set4/SC260703.bam
/data/DCEG_Trios/ChernobylTrios/bams/set4/SC260704.bam
/data/DCEG_Trios/ChernobylTrios/bams/set4/SC260713.bam
/data/DCEG_Trios/ChernobylTrios/bams/set4/SC260716.bam
/data/DCEG_Trios/ChernobylTrios/bams/set4/SC260719.bam
/data/DCEG_Trios/ChernobylTrios/bams/set4/SC260723.bam
/data/DCEG_Trios/ChernobylTrios/bams/set4/SC260728.bam
/data/DCEG_Trios/ChernobylTrios/bams/set4/SC260734.bam
/data/DCEG_Trios/ChernobylTrios/bams/set4/SC499415.bam
/data/DCEG_Trios/ChernobylTrios/bams/set4/SC499416.bam
/data/DCEG_Trios/ChernobylTrios/bams/set4/SC499417.bam
/data/DCEG_Trios/ChernobylTrios/bams/set4/SC499419.bam
/data/DCEG_Trios/ChernobylTrios/bams/set4/SC499424.bam
/data/DCEG_Trios/ChernobylTrios/bams/set4/SC499425.bam
/data/DCEG_Trios/ChernobylTrios/bams/set4/SC499429.bam
/data/DCEG_Trios/ChernobylTrios/bams/set4/SC499431.bam
/data/DCEG_Trios/ChernobylTrios/bams/set4/SC499432.bam
/data/DCEG_Trios/ChernobylTrios/bams/set4/SC499433.bam
/data/DCEG_Trios/ChernobylTrios/bams/set4/SC499434.bam
/data/DCEG_Trios/ChernobylTrios/bams/set4/SC499435.bam
/data/DCEG_Trios/ChernobylTrios/bams/set4/SC499436.bam
/data/DCEG_Trios/ChernobylTrios/bams/set4/SC499437.bam
/data/DCEG_Trios/ChernobylTrios/bams/set4/SC499438.bam
/data/DCEG_Trios/ChernobylTrios/bams/set4/SC501089.bam
/data/DCEG_Trios/ChernobylTrios/bams/set4/SC501091.bam
/data/DCEG_Trios/ChernobylTrios/bams/set4/SC501092.bam
/data/DCEG_Trios/ChernobylTrios/bams/set4/SC501093.bam
/data/DCEG_Trios/ChernobylTrios/bams/set4/SC501095.bam
/data/DCEG_Trios/ChernobylTrios/bams/set4/SC501096.bam
/data/DCEG_Trios/ChernobylTrios/bams/set4/SC501097.bam
/data/DCEG_Trios/ChernobylTrios/bams/set4/SC501098.bam
/data/DCEG_Trios/ChernobylTrios/bams/set4/SC501099.bam
/data/DCEG_Trios/ChernobylTrios/bams/set4/SC501100.bam
/data/DCEG_Trios/ChernobylTrios/bams/set4/SC501101.bam
/data/DCEG_Trios/ChernobylTrios/bams/set4/SC501102.bam
/data/DCEG_Trios/ChernobylTrios/bams/set4/SC501104.bam
/data/DCEG_Trios/ChernobylTrios/bams/set4/SC501105.bam
/data/DCEG_Trios/ChernobylTrios/bams/set4/SC501106.bam
/data/DCEG_Trios/ChernobylTrios/bams/set4/SC501107.bam
/data/DCEG_Trios/ChernobylTrios/bams/set4/SC501108.bam
/data/DCEG_Trios/ChernobylTrios/bams/set4/SC501109.bam
/data/DCEG_Trios/ChernobylTrios/bams/set4/SC501110.bam
/data/DCEG_Trios/ChernobylTrios/bams/set4/SC501111.bam
/data/DCEG_Trios/ChernobylTrios/bams/set4/SC501112.bam
/data/DCEG_Trios/ChernobylTrios/bams/set4/SC501186.bam
/data/DCEG_Trios/ChernobylTrios/bams/set4/SC501187.bam
/data/DCEG_Trios/ChernobylTrios/bams/set4/SC501195.bam
/data/DCEG_Trios/ChernobylTrios/bams/set4/SC501198.bam
/data/DCEG_Trios/ChernobylTrios/bams/set4/SC501199.bam
/data/DCEG_Trios/ChernobylTrios/bams/set4/SC501211.bam
/data/DCEG_Trios/ChernobylTrios/bams/set4/SC502199.bam
/data/DCEG_Trios/ChernobylTrios/bams/set4/SC502200.bam
/data/DCEG_Trios/ChernobylTrios/bams/set4/SC502201.bam
/data/DCEG_Trios/ChernobylTrios/bams/set4/SC502204.bam
/data/DCEG_Trios/ChernobylTrios/bams/set4/SC502205.bam
/data/DCEG_Trios/ChernobylTrios/bams/set4/SC502206.bam
/data/DCEG_Trios/ChernobylTrios/bams/set4/SC502207.bam
/data/DCEG_Trios/ChernobylTrios/bams/set4/SC502208.bam
/data/DCEG_Trios/ChernobylTrios/bams/set4/SC502211.bam
/data/DCEG_Trios/ChernobylTrios/bams/set4/SC502214.bam
/data/DCEG_Trios/ChernobylTrios/bams/set4/SC502218.bam
/data/DCEG_Trios/ChernobylTrios/bams/set4/SC502219.bam
/data/DCEG_Trios/ChernobylTrios/bams/set4/SC502235.bam
/data/DCEG_Trios/ChernobylTrios/bams/set4/SC502236.bam
/data/DCEG_Trios/ChernobylTrios/bams/set4/SC502237.bam
/data/DCEG_Trios/ChernobylTrios/bams/set4/SC502247.bam
/data/DCEG_Trios/ChernobylTrios/bams/set4/SC502249.bam
/data/DCEG_Trios/ChernobylTrios/bams/set4/SC502250.bam
/data/DCEG_Trios/ChernobylTrios/bams/set4/SC502251.bam
/data/DCEG_Trios/ChernobylTrios/bams/set4/SC502252.bam
/data/DCEG_Trios/ChernobylTrios/bams/set4/SC502253.bam
/data/DCEG_Trios/ChernobylTrios/bams/set4/SC502259.bam
/data/DCEG_Trios/ChernobylTrios/bams/set4/SC502262.bam
/data/DCEG_Trios/ChernobylTrios/bams/set4/SC502268.bam
/data/DCEG_Trios/ChernobylTrios/bams/12bams_hg38/SC074157.bam
/data/DCEG_Trios/ChernobylTrios/bams/12bams_hg38/SC074166.bam
/data/DCEG_Trios/ChernobylTrios/bams/12bams_hg38/SC074169.bam
/data/DCEG_Trios/ChernobylTrios/bams/12bams_hg38/SC074172.bam
/data/DCEG_Trios/ChernobylTrios/bams/12bams_hg38/SC074210.bam
/data/DCEG_Trios/ChernobylTrios/bams/12bams_hg38/SC074211.bam
/data/DCEG_Trios/ChernobylTrios/bams/12bams_hg38/SC074212.bam
/data/DCEG_Trios/ChernobylTrios/bams/12bams_hg38/SC074214.bam
/data/DCEG_Trios/ChernobylTrios/bams/12bams_hg38/SC074222.bam
/data/DCEG_Trios/ChernobylTrios/bams/12bams_hg38/SC074223.bam
/data/DCEG_Trios/ChernobylTrios/bams/12bams_hg38/SC074227.bam
/data/DCEG_Trios/ChernobylTrios/bams/12bams_hg38/SC074237.bam
/data/DCEG_Trios/ChernobylTrios/bams/DCEG_Chernobyl/0002/SC056044.pb.realn.bam
/data/DCEG_Trios/ChernobylTrios/bams/DCEG_Chernobyl/0002/SC056045.pb.realn.bam
/data/DCEG_Trios/ChernobylTrios/bams/DCEG_Chernobyl/0002/SC056047.pb.realn.bam
/data/DCEG_Trios/ChernobylTrios/bams/DCEG_Chernobyl/0002/SC056048.pb.realn.bam
/data/DCEG_Trios/ChernobylTrios/bams/DCEG_Chernobyl/0002/SC056049.pb.realn.bam
/data/DCEG_Trios/ChernobylTrios/bams/DCEG_Chernobyl/0002/SC056050.pb.realn.bam
/data/DCEG_Trios/ChernobylTrios/bams/DCEG_Chernobyl/0002/SC056051.pb.realn.bam
/data/DCEG_Trios/ChernobylTrios/bams/DCEG_Chernobyl/0002/SC056052.pb.realn.bam
/data/DCEG_Trios/ChernobylTrios/bams/DCEG_Chernobyl/0002/SC056053.pb.realn.bam
/data/DCEG_Trios/ChernobylTrios/bams/DCEG_Chernobyl/0002/SC056055.pb.realn.bam
/data/DCEG_Trios/ChernobylTrios/bams/DCEG_Chernobyl/0002/SC056056.pb.realn.bam
/data/DCEG_Trios/ChernobylTrios/bams/DCEG_Chernobyl/0002/SC056057.pb.realn.bam
/data/DCEG_Trios/ChernobylTrios/bams/DCEG_Chernobyl/0002/SC056058.pb.realn.bam
/data/DCEG_Trios/ChernobylTrios/bams/DCEG_Chernobyl/0002/SC056059.pb.realn.bam
/data/DCEG_Trios/ChernobylTrios/bams/DCEG_Chernobyl/0002/SC056060.pb.realn.bam
/data/DCEG_Trios/ChernobylTrios/bams/DCEG_Chernobyl/0002/SC056061.pb.realn.bam
/data/DCEG_Trios/ChernobylTrios/bams/DCEG_Chernobyl/0002/SC260700.pb.realn.bam
/data/DCEG_Trios/ChernobylTrios/bams/DCEG_Chernobyl/0002/SC260706.pb.realn.bam
/data/DCEG_Trios/ChernobylTrios/bams/DCEG_Chernobyl/0002/SC260707.pb.realn.bam
/data/DCEG_Trios/ChernobylTrios/bams/DCEG_Chernobyl/0002/SC260708.pb.realn.bam
/data/DCEG_Trios/ChernobylTrios/bams/DCEG_Chernobyl/0002/SC260709.pb.realn.bam
/data/DCEG_Trios/ChernobylTrios/bams/DCEG_Chernobyl/0002/SC260710.pb.realn.bam
/data/DCEG_Trios/ChernobylTrios/bams/DCEG_Chernobyl/0002/SC260720.pb.realn.bam
/data/DCEG_Trios/ChernobylTrios/bams/DCEG_Chernobyl/0002/SC260721.pb.realn.bam
/data/DCEG_Trios/ChernobylTrios/bams/DCEG_Chernobyl/0003/SC056062.pb.realn.bam
/data/DCEG_Trios/ChernobylTrios/bams/DCEG_Chernobyl/0003/SC056064.pb.realn.bam
/data/DCEG_Trios/ChernobylTrios/bams/DCEG_Chernobyl/0003/SC056066.pb.realn.bam
/data/DCEG_Trios/ChernobylTrios/bams/DCEG_Chernobyl/0003/SC056067.pb.realn.bam
/data/DCEG_Trios/ChernobylTrios/bams/DCEG_Chernobyl/0003/SC056069.pb.realn.bam
/data/DCEG_Trios/ChernobylTrios/bams/DCEG_Chernobyl/0003/SC056072.pb.realn.bam
/data/DCEG_Trios/ChernobylTrios/bams/DCEG_Chernobyl/0003/SC056073.pb.realn.bam
/data/DCEG_Trios/ChernobylTrios/bams/DCEG_Chernobyl/0003/SC056074.pb.realn.bam
/data/DCEG_Trios/ChernobylTrios/bams/DCEG_Chernobyl/0003/SC056076.pb.realn.bam
/data/DCEG_Trios/ChernobylTrios/bams/DCEG_Chernobyl/0003/SC056077.pb.realn.bam
/data/DCEG_Trios/ChernobylTrios/bams/DCEG_Chernobyl/0003/SC056078.pb.realn.bam
/data/DCEG_Trios/ChernobylTrios/bams/DCEG_Chernobyl/0003/SC056079.pb.realn.bam
/data/DCEG_Trios/ChernobylTrios/bams/DCEG_Chernobyl/0003/SC056080.pb.realn.bam
/data/DCEG_Trios/ChernobylTrios/bams/DCEG_Chernobyl/0003/SC056081.pb.realn.bam
/data/DCEG_Trios/ChernobylTrios/bams/DCEG_Chernobyl/0003/SC056082.pb.realn.bam
/data/DCEG_Trios/ChernobylTrios/bams/DCEG_Chernobyl/0003/SC074123.pb.realn.bam
/data/DCEG_Trios/ChernobylTrios/bams/DCEG_Chernobyl/0003/SC074125.pb.realn.bam
/data/DCEG_Trios/ChernobylTrios/bams/DCEG_Chernobyl/0003/SC074126.pb.realn.bam
/data/DCEG_Trios/ChernobylTrios/bams/DCEG_Chernobyl/0004/SC074127.pb.realn.bam
/data/DCEG_Trios/ChernobylTrios/bams/DCEG_Chernobyl/0004/SC074130.pb.realn.bam
/data/DCEG_Trios/ChernobylTrios/bams/DCEG_Chernobyl/0004/SC074131.pb.realn.bam
/data/DCEG_Trios/ChernobylTrios/bams/DCEG_Chernobyl/0004/SC074132.pb.realn.bam
/data/DCEG_Trios/ChernobylTrios/bams/DCEG_Chernobyl/0004/SC074136.pb.realn.bam
/data/DCEG_Trios/ChernobylTrios/bams/DCEG_Chernobyl/0004/SC074138.pb.realn.bam
/data/DCEG_Trios/ChernobylTrios/bams/DCEG_Chernobyl/0004/SC074143.pb.realn.bam
/data/DCEG_Trios/ChernobylTrios/bams/DCEG_Chernobyl/0004/SC074144.pb.realn.bam
/data/DCEG_Trios/ChernobylTrios/bams/DCEG_Chernobyl/0004/SC074147.pb.realn.bam
/data/DCEG_Trios/ChernobylTrios/bams/DCEG_Chernobyl/0004/SC074149.pb.realn.bam
/data/DCEG_Trios/ChernobylTrios/bams/DCEG_Chernobyl/0004/SC074150.pb.realn.bam
/data/DCEG_Trios/ChernobylTrios/bams/DCEG_Chernobyl/0004/SC074151.pb.realn.bam
/data/DCEG_Trios/ChernobylTrios/bams/DCEG_Chernobyl/0004/SC074152.pb.realn.bam
/data/DCEG_Trios/ChernobylTrios/bams/DCEG_Chernobyl/0004/SC074153.pb.realn.bam
/data/DCEG_Trios/ChernobylTrios/bams/DCEG_Chernobyl/0004/SC074154.pb.realn.bam
/data/DCEG_Trios/ChernobylTrios/bams/DCEG_Chernobyl/0005/SC074128.pb.realn.bam
/data/DCEG_Trios/ChernobylTrios/bams/DCEG_Chernobyl/0005/SC074133.pb.realn.bam
/data/DCEG_Trios/ChernobylTrios/bams/DCEG_Chernobyl/0005/SC074135.pb.realn.bam
/data/DCEG_Trios/ChernobylTrios/bams/DCEG_Chernobyl/0005/SC074137.pb.realn.bam
/data/DCEG_Trios/ChernobylTrios/bams/DCEG_Chernobyl/0005/SC074141.pb.realn.bam
/data/DCEG_Trios/ChernobylTrios/bams/DCEG_Chernobyl/0005/SC074145.pb.realn.bam
/data/DCEG_Trios/ChernobylTrios/bams/DCEG_Chernobyl/0005/SC074156.pb.realn.bam
/data/DCEG_Trios/ChernobylTrios/bams/DCEG_Chernobyl/0005/SC074158.pb.realn.bam
/data/DCEG_Trios/ChernobylTrios/bams/DCEG_Chernobyl/0005/SC074159.pb.realn.bam
/data/DCEG_Trios/ChernobylTrios/bams/DCEG_Chernobyl/0005/SC074160.pb.realn.bam
/data/DCEG_Trios/ChernobylTrios/bams/DCEG_Chernobyl/0005/SC074161.pb.realn.bam
/data/DCEG_Trios/ChernobylTrios/bams/DCEG_Chernobyl/0005/SC074162.pb.realn.bam
/data/DCEG_Trios/ChernobylTrios/bams/DCEG_Chernobyl/0005/SC074163.pb.realn.bam
/data/DCEG_Trios/ChernobylTrios/bams/DCEG_Chernobyl/0005/SC074165.pb.realn.bam
/data/DCEG_Trios/ChernobylTrios/bams/DCEG_Chernobyl/0005/SC074167.pb.realn.bam
/data/DCEG_Trios/ChernobylTrios/bams/DCEG_Chernobyl/0005/SC074168.pb.realn.bam
/data/DCEG_Trios/ChernobylTrios/bams/DCEG_Chernobyl/0005/SC074170.pb.realn.bam
/data/DCEG_Trios/ChernobylTrios/bams/DCEG_Chernobyl/0005/SC074173.pb.realn.bam
/data/DCEG_Trios/ChernobylTrios/bams/DCEG_Chernobyl/0005/SC074175.pb.realn.bam
/data/DCEG_Trios/ChernobylTrios/bams/DCEG_Chernobyl/0005/SC074176.pb.realn.bam
/data/DCEG_Trios/ChernobylTrios/bams/DCEG_Chernobyl/0005/SC074177.pb.realn.bam
/data/DCEG_Trios/ChernobylTrios/bams/DCEG_Chernobyl/0005/SC074178.pb.realn.bam
/data/DCEG_Trios/ChernobylTrios/bams/DCEG_Chernobyl/0005/SC074179.pb.realn.bam
/data/DCEG_Trios/ChernobylTrios/bams/DCEG_Chernobyl/0005/SC074180.pb.realn.bam
/data/DCEG_Trios/ChernobylTrios/bams/DCEG_Chernobyl/0006/SC074181.pb.realn.bam
/data/DCEG_Trios/ChernobylTrios/bams/DCEG_Chernobyl/0006/SC074183.pb.realn.bam
/data/DCEG_Trios/ChernobylTrios/bams/DCEG_Chernobyl/0006/SC074184.pb.realn.bam
/data/DCEG_Trios/ChernobylTrios/bams/DCEG_Chernobyl/0006/SC074185.pb.realn.bam
/data/DCEG_Trios/ChernobylTrios/bams/DCEG_Chernobyl/0006/SC074186.pb.realn.bam
/data/DCEG_Trios/ChernobylTrios/bams/DCEG_Chernobyl/0006/SC074187.pb.realn.bam
/data/DCEG_Trios/ChernobylTrios/bams/DCEG_Chernobyl/0006/SC074188.pb.realn.bam
/data/DCEG_Trios/ChernobylTrios/bams/DCEG_Chernobyl/0006/SC074189.pb.realn.bam
/data/DCEG_Trios/ChernobylTrios/bams/DCEG_Chernobyl/0006/SC074190.pb.realn.bam
/data/DCEG_Trios/ChernobylTrios/bams/DCEG_Chernobyl/0006/SC074191.pb.realn.bam
/data/DCEG_Trios/ChernobylTrios/bams/DCEG_Chernobyl/0006/SC074192.pb.realn.bam
/data/DCEG_Trios/ChernobylTrios/bams/DCEG_Chernobyl/0006/SC074193.pb.realn.bam
/data/DCEG_Trios/ChernobylTrios/bams/DCEG_Chernobyl/0006/SC074194.pb.realn.bam
/data/DCEG_Trios/ChernobylTrios/bams/DCEG_Chernobyl/0006/SC074195.pb.realn.bam
/data/DCEG_Trios/ChernobylTrios/bams/DCEG_Chernobyl/0006/SC074196.pb.realn.bam
/data/DCEG_Trios/ChernobylTrios/bams/DCEG_Chernobyl/0006/SC074198.pb.realn.bam
/data/DCEG_Trios/ChernobylTrios/bams/DCEG_Chernobyl/0006/SC074200.pb.realn.bam
/data/DCEG_Trios/ChernobylTrios/bams/DCEG_Chernobyl/0006/SC074201.pb.realn.bam
/data/DCEG_Trios/ChernobylTrios/bams/DCEG_Chernobyl/0006/SC074202.pb.realn.bam
/data/DCEG_Trios/ChernobylTrios/bams/DCEG_Chernobyl/0006/SC074203.pb.realn.bam
/data/DCEG_Trios/ChernobylTrios/bams/DCEG_Chernobyl/0006/SC074204.pb.realn.bam
/data/DCEG_Trios/ChernobylTrios/bams/DCEG_Chernobyl/0006/SC074205.pb.realn.bam
/data/DCEG_Trios/ChernobylTrios/bams/DCEG_Chernobyl/0007/SC074206.pb.realn.bam
/data/DCEG_Trios/ChernobylTrios/bams/DCEG_Chernobyl/0007/SC074208.pb.realn.bam
/data/DCEG_Trios/ChernobylTrios/bams/DCEG_Chernobyl/0007/SC074209.pb.realn.bam
/data/DCEG_Trios/ChernobylTrios/bams/DCEG_Chernobyl/0007/SC074213.pb.realn.bam
/data/DCEG_Trios/ChernobylTrios/bams/DCEG_Chernobyl/0007/SC074216.pb.realn.bam
/data/DCEG_Trios/ChernobylTrios/bams/DCEG_Chernobyl/0007/SC074217.pb.realn.bam
/data/DCEG_Trios/ChernobylTrios/bams/DCEG_Chernobyl/0007/SC074218.pb.realn.bam
/data/DCEG_Trios/ChernobylTrios/bams/DCEG_Chernobyl/0007/SC074220.pb.realn.bam
/data/DCEG_Trios/ChernobylTrios/bams/DCEG_Chernobyl/0007/SC074221.pb.realn.bam
/data/DCEG_Trios/ChernobylTrios/bams/DCEG_Chernobyl/0007/SC074224.pb.realn.bam
/data/DCEG_Trios/ChernobylTrios/bams/DCEG_Chernobyl/0007/SC074225.pb.realn.bam
/data/DCEG_Trios/ChernobylTrios/bams/DCEG_Chernobyl/0007/SC074226.pb.realn.bam
/data/DCEG_Trios/ChernobylTrios/bams/DCEG_Chernobyl/0007/SC074228.pb.realn.bam
/data/DCEG_Trios/ChernobylTrios/bams/DCEG_Chernobyl/0007/SC074230.pb.realn.bam
/data/DCEG_Trios/ChernobylTrios/bams/DCEG_Chernobyl/0007/SC074231.pb.realn.bam
/data/DCEG_Trios/ChernobylTrios/bams/DCEG_Trios/0001/SC253880.pb.realn.bam
/data/DCEG_Trios/ChernobylTrios/bams/DCEG_Trios/0001/SC260627.pb.realn.bam
/data/DCEG_Trios/ChernobylTrios/bams/DCEG_Trios/0001/SC260629.pb.realn.bam
/data/DCEG_Trios/ChernobylTrios/bams/DCEG_Trios/0001/SC260630.pb.realn.bam
/data/DCEG_Trios/ChernobylTrios/bams/DCEG_Trios/0001/SC260631.pb.realn.bam
/data/DCEG_Trios/ChernobylTrios/bams/DCEG_Trios/0001/SC260636.pb.realn.bam
/data/DCEG_Trios/ChernobylTrios/bams/DCEG_Trios/0001/SC260637.pb.realn.bam
/data/DCEG_Trios/ChernobylTrios/bams/DCEG_Trios/0001/SC260639.pb.realn.bam
/data/DCEG_Trios/ChernobylTrios/bams/DCEG_Trios/0001/SC260643.pb.realn.bam
/data/DCEG_Trios/ChernobylTrios/bams/DCEG_Trios/0001/SC260644.pb.realn.bam
/data/DCEG_Trios/ChernobylTrios/bams/DCEG_Trios/0001/SC260670.pb.realn.bam
/data/DCEG_Trios/ChernobylTrios/bams/DCEG_Trios/0001/SC260682.pb.realn.bam
/data/DCEG_Trios/ChernobylTrios/bams/DCEG_Trios/0001/SC260698.pb.realn.bam
/data/DCEG_Trios/ChernobylTrios/bams/DCEG_Trios/0001/SC260699.pb.realn.bam
/data/DCEG_Trios/ChernobylTrios/bams/DCEG_Trios/0008/SC074232.pb.realn.bam
/data/DCEG_Trios/ChernobylTrios/bams/DCEG_Trios/0008/SC074233.pb.realn.bam
/data/DCEG_Trios/ChernobylTrios/bams/DCEG_Trios/0008/SC074234.pb.realn.bam
/data/DCEG_Trios/ChernobylTrios/bams/DCEG_Trios/0008/SC074235.pb.realn.bam
/data/DCEG_Trios/ChernobylTrios/bams/DCEG_Trios/0008/SC074236.pb.realn.bam
/data/DCEG_Trios/ChernobylTrios/bams/DCEG_Trios/0008/SC074238.pb.realn.bam
/data/DCEG_Trios/ChernobylTrios/bams/DCEG_Trios/0008/SC074240.pb.realn.bam
/data/DCEG_Trios/ChernobylTrios/bams/DCEG_Trios/0008/SC074241.pb.realn.bam
/data/DCEG_Trios/ChernobylTrios/bams/DCEG_Trios/0008/SC074242.pb.realn.bam
/data/DCEG_Trios/ChernobylTrios/bams/DCEG_Trios/0008/SC074243.pb.realn.bam
/data/DCEG_Trios/ChernobylTrios/bams/DCEG_Trios/0008/SC074244.pb.realn.bam
/data/DCEG_Trios/ChernobylTrios/bams/DCEG_Trios/0008/SC074245.pb.realn.bam
/data/DCEG_Trios/ChernobylTrios/bams/DCEG_Trios/batch0000/SC109343.pb.realn.bam
/data/DCEG_Trios/ChernobylTrios/bams/DCEG_Trios/batch0000/SC109347.pb.realn.bam
/data/DCEG_Trios/ChernobylTrios/bams/DCEG_Trios/batch0000/SC109354.pb.realn.bam
/data/DCEG_Trios/ChernobylTrios/bams/DCEG_Trios/batch0000/SC109359.pb.realn.bam
/data/DCEG_Trios/ChernobylTrios/bams/DCEG_Trios/batch0000/SC109363.pb.realn.bam
/data/DCEG_Trios/ChernobylTrios/bams/DCEG_Trios/batch0000/SC109375.pb.realn.bam
/data/DCEG_Trios/ChernobylTrios/bams/DCEG_Trios/batch0000/SC109383.pb.realn.bam
/data/DCEG_Trios/ChernobylTrios/bams/DCEG_Trios/batch0000/SC109394.pb.realn.bam
/data/DCEG_Trios/ChernobylTrios/bams/DCEG_Trios/batch0000/SC109397.pb.realn.bam
/data/DCEG_Trios/ChernobylTrios/bams/DCEG_Trios/batch0000/SC109398.pb.realn.bam
/data/DCEG_Trios/ChernobylTrios/bams/DCEG_Trios/batch0000/SC109402.pb.realn.bam
/data/DCEG_Trios/ChernobylTrios/bams/DCEG_Trios/batch0000/SC109416.pb.realn.bam
/data/DCEG_Trios/ChernobylTrios/bams/DCEG_Trios/batch0000/SC109434.pb.realn.bam
/data/DCEG_Trios/ChernobylTrios/bams/DCEG_Trios/batch0000/SC109440.pb.realn.bam
/data/DCEG_Trios/ChernobylTrios/bams/DCEG_Trios/batch0000/SC109445.pb.realn.bam
/data/DCEG_Trios/ChernobylTrios/bams/DCEG_Trios/batch0000/SC109446.pb.realn.bam
/data/DCEG_Trios/ChernobylTrios/bams/DCEG_Trios/batch0000/SC109448.pb.realn.bam
/data/DCEG_Trios/ChernobylTrios/bams/DCEG_Trios/batch0000/SC109453.pb.realn.bam
/data/DCEG_Trios/ChernobylTrios/bams/DCEG_Trios/batch0000/SC109457.pb.realn.bam
/data/DCEG_Trios/ChernobylTrios/bams/DCEG_Trios/batch0000/SC109459.pb.realn.bam
/data/DCEG_Trios/ChernobylTrios/bams/DCEG_Trios/batch0000/SC109506.pb.realn.bam
/data/DCEG_Trios/ChernobylTrios/bams/DCEG_Trios/batch0000/SC109510.pb.realn.bam
/data/DCEG_Trios/ChernobylTrios/bams/DCEG_Trios/batch0000/SC109515.pb.realn.bam
/data/DCEG_Trios/ChernobylTrios/bams/DCEG_Trios/batch0000/SC109518.pb.realn.bam
/data/DCEG_Trios/ChernobylTrios/bams/DCEG_Trios/batch0000/SC253857.pb.realn.bam
/data/DCEG_Trios/ChernobylTrios/bams/DCEG_Trios/batch0001/SC253862.pb.realn.bam
/data/DCEG_Trios/ChernobylTrios/bams/DCEG_Trios/batch0001/SC253869.pb.realn.bam
/data/DCEG_Trios/ChernobylTrios/bams/DCEG_Trios/batch0001/SC253876.pb.realn.bam
/data/DCEG_Trios/ChernobylTrios/bams/DCEG_Trios/batch0001/SC253878.pb.realn.bam
/data/DCEG_Trios/ChernobylTrios/bams/DCEG_Trios/batch0001/SC253882.pb.realn.bam
/data/DCEG_Trios/ChernobylTrios/bams/DCEG_Trios/batch0001/SC253884.pb.realn.bam
/data/DCEG_Trios/ChernobylTrios/bams/DCEG_Trios/batch0001/SC253890.pb.realn.bam
/data/DCEG_Trios/ChernobylTrios/bams/DCEG_Trios/batch0001/SC253892.pb.realn.bam
/data/DCEG_Trios/ChernobylTrios/bams/DCEG_Trios/batch0001/SC253897.pb.realn.bam
/data/DCEG_Trios/ChernobylTrios/bams/DCEG_Trios/batch0001/SC253901.pb.realn.bam
/data/DCEG_Trios/ChernobylTrios/bams/DCEG_Trios/batch0001/SC260624.pb.realn.bam
/data/DCEG_Trios/ChernobylTrios/bams/DCEG_Trios/batch0005/SC074164.pb.realn.bam
/data/DCEG_Trios/ChernobylTrios/bams/DCEG_Trios/batch0005/SC074171.pb.realn.bam
/data/DCEG_Trios/ChernobylTrios/bams/DCEG_Trios/batch0005/SC074174.pb.realn.bam
/data/DCEG_Trios/ChernobylTrios/bams/DCEG_Trios/rebc_RERUNS_17FEB2022_0000/SC056063.pb.realn.bam
/data/DCEG_Trios/ChernobylTrios/bams/DCEG_Trios/rebc_RERUNS_20APR2022_0000/SC074140.pb.realn.bam
/data/DCEG_Trios/ChernobylTrios/bams/DCEG_Trios/rebc_RERUNS_20APR2022_0000/SC074146.pb.realn.bam
/data/DCEG_Trios/ChernobylTrios/bams/DCEG_Trios/rebc_RERUNS_20APR2022_0000/SC074182.pb.realn.bam
/data/DCEG_Trios/ChernobylTrios/bams/DCEG_Trios/rebc_RERUNS_20APR2022_0000/SC074197.pb.realn.bam
/data/DCEG_Trios/ChernobylTrios/bams/DCEG_Trios/rebc_RERUNS_20APR2022_0000/SC074199.pb.realn.bam
/data/DCEG_Trios/ChernobylTrios/bams/DCEG_Trios/rebc_RERUNS_20APR2022_0000/SC074207.pb.realn.bam
/data/DCEG_Trios/ChernobylTrios/bams/DCEG_Trios/rebc_RERUNS_20APR2022_0000/SC074215.pb.realn.bam
/data/DCEG_Trios/ChernobylTrios/bams/DCEG_Trios/rebc_RERUNS_20APR2022_0000/SC074229.pb.realn.bam
/data/DCEG_Trios/ChernobylTrios/bams/DCEG_Trios/rebc_RERUNS_20APR2022_0000/SC074239.pb.realn.bam
/data/DCEG_Trios/ChernobylTrios/bams/DCEG_Trios/reruns0001/SC056054.pb.realn.bam
/data/DCEG_Trios/ChernobylTrios/bams/DCEG_Trios/reruns0001/SC056068.pb.realn.bam
/data/DCEG_Trios/ChernobylTrios/bams/DCEG_Trios/reruns0001/SC056070.pb.realn.bam
/data/DCEG_Trios/ChernobylTrios/bams/DCEG_Trios/reruns0001/SC056071.pb.realn.bam
/data/DCEG_Trios/ChernobylTrios/bams/DCEG_Trios/reruns0001/SC056075.pb.realn.bam
/data/DCEG_Trios/ChernobylTrios/bams/DCEG_Trios/reruns0001/SC056107.pb.realn.bam
/data/DCEG_Trios/ChernobylTrios/bams/DCEG_Trios/reruns0001/SC074124.pb.realn.bam
/data/DCEG_Trios/ChernobylTrios/bams/DCEG_Trios/reruns0001/SC074129.pb.realn.bam
/data/DCEG_Trios/ChernobylTrios/bams/DCEG_Trios/reruns0001/SC074139.pb.realn.bam
/data/DCEG_Trios/new_cgr_data/TriosCompass_v2/output/fq2bam/SC074219.bam
